git commands>>>

1. git in it
2. git add .
3. git commit-m "............"
4. git remote add origin <<<git url from code button https://github.com/sagarjainreal/app1.git>>>
5. git push origin <<<branch name "develop">>>
6. git config user.name<<<.............>>>
7. git config user.email<<<.............>>>

Microsoft Windows [Version 10.0.22000.778]
(c) Microsoft Corporation. All rights reserved.

D:\training\myfirstapp>git in it
git: 'in' is not a git command. See 'git --help'.

The most similar commands are
        init
        svn

D:\training\myfirstapp>git init
Initialized empty Git repository in D:/training/myfirstapp/.git/

D:\training\myfirstapp>git add .
warning: in the working copy of '.metadata', LF will be replaced by CRLF the next time Git touches it
warning: in the working copy of 'linux/flutter/generated_plugin_registrant.cc', LF will be replaced by CRLF the next tim
e Git touches it
warning: in the working copy of 'linux/flutter/generated_plugin_registrant.h', LF will be replaced by CRLF the next time
 Git touches it
warning: in the working copy of 'linux/flutter/generated_plugins.cmake', LF will be replaced by CRLF the next time Git t
ouches it
warning: in the working copy of 'macos/Flutter/GeneratedPluginRegistrant.swift', LF will be replaced by CRLF the next ti
me Git touches it
warning: in the working copy of 'pubspec.lock', LF will be replaced by CRLF the next time Git touches it
warning: in the working copy of 'windows/flutter/generated_plugin_registrant.cc', LF will be replaced by CRLF the next t
ime Git touches it
warning: in the working copy of 'windows/flutter/generated_plugin_registrant.h', LF will be replaced by CRLF the next ti
me Git touches it
warning: in the working copy of 'windows/flutter/generated_plugins.cmake', LF will be replaced by CRLF the next time Git
 touches it

D:\training\myfirstapp>git commit-m "first commit"
git: 'commit-m' is not a git command. See 'git --help'.

The most similar command is
        commit-tree

D:\training\myfirstapp>git commit -m "first commit"
Author identity unknown

*** Please tell me who you are.

Run

  git config --global user.email "you@example.com"
  git config --global user.name "Your Name"

to set your account's default identity.
Omit --global to set the identity only in this repository.

fatal: unable to auto-detect email address (got 'SAGAR JAIN@DESKTOP-UMN1UOT.(none)')

D:\training\myfirstapp>git remote add origin https://github.com/sagarjainreal/app1.git

D:\training\myfirstapp>git push origin develop
error: src refspec develop does not match any
error: failed to push some refs to 'https://github.com/sagarjainreal/app1.git'

D:\training\myfirstapp>git remote add origin https://github.com/sagarjainreal/app1.git.git
error: remote origin already exists.

D:\training\myfirstapp>git remote add origin https://github.com/sagarjainreal/app1.git
error: remote origin already exists.

D:\training\myfirstapp>git push origin develop
error: src refspec develop does not match any
error: failed to push some refs to 'https://github.com/sagarjainreal/app1.git'

D:\training\myfirstapp>git remote add origin https://github.com/sagarjainreal/app1.git
error: remote origin already exists.

D:\training\myfirstapp>git push origin develop
error: src refspec develop does not match any
error: failed to push some refs to 'https://github.com/sagarjainreal/app1.git'

D:\training\myfirstapp>git checkout develop
error: pathspec 'develop' did not match any file(s) known to git

D:\training\myfirstapp>git branch -b develop
error: unknown switch `b'
usage: git branch [<options>] [-r | -a] [--merged] [--no-merged]
   or: git branch [<options>] [-f] [--recurse-submodules] <branch-name> [<start-point>]
   or: git branch [<options>] [-l] [<pattern>...]
   or: git branch [<options>] [-r] (-d | -D) <branch-name>...
   or: git branch [<options>] (-m | -M) [<old-branch>] <new-branch>
   or: git branch [<options>] (-c | -C) [<old-branch>] <new-branch>
   or: git branch [<options>] [-r | -a] [--points-at]
   or: git branch [<options>] [-r | -a] [--format]

Generic options
    -v, --verbose         show hash and subject, give twice for upstream branch
    -q, --quiet           suppress informational messages
    -t, --track[=(direct|inherit)]
                          set branch tracking configuration
    -u, --set-upstream-to <upstream>
                          change the upstream info
    --unset-upstream      unset the upstream info
    --color[=<when>]      use colored output
    -r, --remotes         act on remote-tracking branches
    --contains <commit>   print only branches that contain the commit
    --no-contains <commit>
                          print only branches that don't contain the commit
    --abbrev[=<n>]        use <n> digits to display object names

Specific git-branch actions:
    -a, --all             list both remote-tracking and local branches
    -d, --delete          delete fully merged branch
    -D                    delete branch (even if not merged)
    -m, --move            move/rename a branch and its reflog
    -M                    move/rename a branch, even if target exists
    -c, --copy            copy a branch and its reflog
    -C                    copy a branch, even if target exists
    -l, --list            list branch names
    --show-current        show current branch name
    --create-reflog       create the branch's reflog
    --edit-description    edit the description for the branch
    -f, --force           force creation, move/rename, deletion
    --merged <commit>     print only branches that are merged
    --no-merged <commit>  print only branches that are not merged
    --column[=<style>]    list branches in columns
    --sort <key>          field name to sort on
    --points-at <object>  print only branches of the object
    -i, --ignore-case     sorting and filtering are case insensitive
    --recurse-submodules  recurse through submodules
    --format <format>     format to use for the output


D:\training\myfirstapp>git branch develop
fatal: not a valid object name: 'master'

D:\training\myfirstapp>git branch develop
fatal: not a valid object name: 'master'

D:\training\myfirstapp>git init
Reinitialized existing Git repository in D:/training/myfirstapp/.git/

D:\training\myfirstapp>git add .

D:\training\myfirstapp>git commit -m "first commit"
Author identity unknown

*** Please tell me who you are.

Run

  git config --global user.email "you@example.com"
  git config --global user.name "Your Name"

to set your account's default identity.
Omit --global to set the identity only in this repository.

fatal: unable to auto-detect email address (got 'SAGAR JAIN@DESKTOP-UMN1UOT.(none)')

D:\training\myfirstapp>git config --global user.email "sagarjainreal@gmail.com"

D:\training\myfirstapp>git config --global user.name "sagarjainreal"

D:\training\myfirstapp>git commit -m "first commit"
[master (root-commit) 219d308] first commit
 127 files changed, 4480 insertions(+)
 create mode 100644 .gitignore
 create mode 100644 .metadata
 create mode 100644 README.md
 create mode 100644 analysis_options.yaml
 create mode 100644 android/.gitignore
 create mode 100644 android/app/build.gradle
 create mode 100644 android/app/src/debug/AndroidManifest.xml
 create mode 100644 android/app/src/main/AndroidManifest.xml
 create mode 100644 android/app/src/main/kotlin/com/example/myfirstapp/MainActivity.kt
 create mode 100644 android/app/src/main/res/drawable-v21/launch_background.xml
 create mode 100644 android/app/src/main/res/drawable/launch_background.xml
 create mode 100644 android/app/src/main/res/mipmap-hdpi/ic_launcher.png
 create mode 100644 android/app/src/main/res/mipmap-mdpi/ic_launcher.png
 create mode 100644 android/app/src/main/res/mipmap-xhdpi/ic_launcher.png
 create mode 100644 android/app/src/main/res/mipmap-xxhdpi/ic_launcher.png
 create mode 100644 android/app/src/main/res/mipmap-xxxhdpi/ic_launcher.png
 create mode 100644 android/app/src/main/res/values-night/styles.xml
 create mode 100644 android/app/src/main/res/values/styles.xml
 create mode 100644 android/app/src/profile/AndroidManifest.xml
 create mode 100644 android/build.gradle
 create mode 100644 android/gradle.properties
 create mode 100644 android/gradle/wrapper/gradle-wrapper.properties
 create mode 100644 android/settings.gradle
 create mode 100644 ios/.gitignore
 create mode 100644 ios/Flutter/AppFrameworkInfo.plist
 create mode 100644 ios/Flutter/Debug.xcconfig
 create mode 100644 ios/Flutter/Release.xcconfig
 create mode 100644 ios/Runner.xcodeproj/project.pbxproj
 create mode 100644 ios/Runner.xcodeproj/project.xcworkspace/contents.xcworkspacedata
 create mode 100644 ios/Runner.xcodeproj/project.xcworkspace/xcshareddata/IDEWorkspaceChecks.plist
 create mode 100644 ios/Runner.xcodeproj/project.xcworkspace/xcshareddata/WorkspaceSettings.xcsettings
 create mode 100644 ios/Runner.xcodeproj/xcshareddata/xcschemes/Runner.xcscheme
 create mode 100644 ios/Runner.xcworkspace/contents.xcworkspacedata
 create mode 100644 ios/Runner.xcworkspace/xcshareddata/IDEWorkspaceChecks.plist
 create mode 100644 ios/Runner.xcworkspace/xcshareddata/WorkspaceSettings.xcsettings
 create mode 100644 ios/Runner/AppDelegate.swift
 create mode 100644 ios/Runner/Assets.xcassets/AppIcon.appiconset/Contents.json
 create mode 100644 ios/Runner/Assets.xcassets/AppIcon.appiconset/Icon-App-1024x1024@1x.png
 create mode 100644 ios/Runner/Assets.xcassets/AppIcon.appiconset/Icon-App-20x20@1x.png
 create mode 100644 ios/Runner/Assets.xcassets/AppIcon.appiconset/Icon-App-20x20@2x.png
 create mode 100644 ios/Runner/Assets.xcassets/AppIcon.appiconset/Icon-App-20x20@3x.png
 create mode 100644 ios/Runner/Assets.xcassets/AppIcon.appiconset/Icon-App-29x29@1x.png
 create mode 100644 ios/Runner/Assets.xcassets/AppIcon.appiconset/Icon-App-29x29@2x.png
 create mode 100644 ios/Runner/Assets.xcassets/AppIcon.appiconset/Icon-App-29x29@3x.png
 create mode 100644 ios/Runner/Assets.xcassets/AppIcon.appiconset/Icon-App-40x40@1x.png
 create mode 100644 ios/Runner/Assets.xcassets/AppIcon.appiconset/Icon-App-40x40@2x.png
 create mode 100644 ios/Runner/Assets.xcassets/AppIcon.appiconset/Icon-App-40x40@3x.png
 create mode 100644 ios/Runner/Assets.xcassets/AppIcon.appiconset/Icon-App-60x60@2x.png
 create mode 100644 ios/Runner/Assets.xcassets/AppIcon.appiconset/Icon-App-60x60@3x.png
 create mode 100644 ios/Runner/Assets.xcassets/AppIcon.appiconset/Icon-App-76x76@1x.png
 create mode 100644 ios/Runner/Assets.xcassets/AppIcon.appiconset/Icon-App-76x76@2x.png
 create mode 100644 ios/Runner/Assets.xcassets/AppIcon.appiconset/Icon-App-83.5x83.5@2x.png
 create mode 100644 ios/Runner/Assets.xcassets/LaunchImage.imageset/Contents.json
 create mode 100644 ios/Runner/Assets.xcassets/LaunchImage.imageset/LaunchImage.png
 create mode 100644 ios/Runner/Assets.xcassets/LaunchImage.imageset/LaunchImage@2x.png
 create mode 100644 ios/Runner/Assets.xcassets/LaunchImage.imageset/LaunchImage@3x.png
 create mode 100644 ios/Runner/Assets.xcassets/LaunchImage.imageset/README.md
 create mode 100644 ios/Runner/Base.lproj/LaunchScreen.storyboard
 create mode 100644 ios/Runner/Base.lproj/Main.storyboard
 create mode 100644 ios/Runner/Info.plist
 create mode 100644 ios/Runner/Runner-Bridging-Header.h
 create mode 100644 lib - Shortcut.lnk
 create mode 100644 lib/main.dart
 create mode 100644 linux/.gitignore
 create mode 100644 linux/CMakeLists.txt
 create mode 100644 linux/flutter/CMakeLists.txt
 create mode 100644 linux/flutter/generated_plugin_registrant.cc
 create mode 100644 linux/flutter/generated_plugin_registrant.h
 create mode 100644 linux/flutter/generated_plugins.cmake
 create mode 100644 linux/main.cc
 create mode 100644 linux/my_application.cc
 create mode 100644 linux/my_application.h
 create mode 100644 macos/.gitignore
 create mode 100644 macos/Flutter/Flutter-Debug.xcconfig
 create mode 100644 macos/Flutter/Flutter-Release.xcconfig
 create mode 100644 macos/Flutter/GeneratedPluginRegistrant.swift
 create mode 100644 macos/Runner.xcodeproj/project.pbxproj
 create mode 100644 macos/Runner.xcodeproj/project.xcworkspace/xcshareddata/IDEWorkspaceChecks.plist
 create mode 100644 macos/Runner.xcodeproj/xcshareddata/xcschemes/Runner.xcscheme
 create mode 100644 macos/Runner.xcworkspace/contents.xcworkspacedata
 create mode 100644 macos/Runner.xcworkspace/xcshareddata/IDEWorkspaceChecks.plist
 create mode 100644 macos/Runner/AppDelegate.swift
 create mode 100644 macos/Runner/Assets.xcassets/AppIcon.appiconset/Contents.json
 create mode 100644 macos/Runner/Assets.xcassets/AppIcon.appiconset/app_icon_1024.png
 create mode 100644 macos/Runner/Assets.xcassets/AppIcon.appiconset/app_icon_128.png
 create mode 100644 macos/Runner/Assets.xcassets/AppIcon.appiconset/app_icon_16.png
 create mode 100644 macos/Runner/Assets.xcassets/AppIcon.appiconset/app_icon_256.png
 create mode 100644 macos/Runner/Assets.xcassets/AppIcon.appiconset/app_icon_32.png
 create mode 100644 macos/Runner/Assets.xcassets/AppIcon.appiconset/app_icon_512.png
 create mode 100644 macos/Runner/Assets.xcassets/AppIcon.appiconset/app_icon_64.png
 create mode 100644 macos/Runner/Base.lproj/MainMenu.xib
 create mode 100644 macos/Runner/Configs/AppInfo.xcconfig
 create mode 100644 macos/Runner/Configs/Debug.xcconfig
 create mode 100644 macos/Runner/Configs/Release.xcconfig
 create mode 100644 macos/Runner/Configs/Warnings.xcconfig
 create mode 100644 macos/Runner/DebugProfile.entitlements
 create mode 100644 macos/Runner/Info.plist
 create mode 100644 macos/Runner/MainFlutterWindow.swift
 create mode 100644 macos/Runner/Release.entitlements
 create mode 100644 pubspec.lock
 create mode 100644 pubspec.yaml
 create mode 100644 test/widget_test.dart
 create mode 100644 web/favicon.png
 create mode 100644 web/icons/Icon-192.png
 create mode 100644 web/icons/Icon-512.png
 create mode 100644 web/icons/Icon-maskable-192.png
 create mode 100644 web/icons/Icon-maskable-512.png
 create mode 100644 web/index.html
 create mode 100644 web/manifest.json
 create mode 100644 windows/.gitignore
 create mode 100644 windows/CMakeLists.txt
 create mode 100644 windows/flutter/CMakeLists.txt
 create mode 100644 windows/flutter/generated_plugin_registrant.cc
 create mode 100644 windows/flutter/generated_plugin_registrant.h
 create mode 100644 windows/flutter/generated_plugins.cmake
 create mode 100644 windows/runner/CMakeLists.txt
 create mode 100644 windows/runner/Runner.rc
 create mode 100644 windows/runner/flutter_window.cpp
 create mode 100644 windows/runner/flutter_window.h
 create mode 100644 windows/runner/main.cpp
 create mode 100644 windows/runner/resource.h
 create mode 100644 windows/runner/resources/app_icon.ico
 create mode 100644 windows/runner/runner.exe.manifest
 create mode 100644 windows/runner/utils.cpp
 create mode 100644 windows/runner/utils.h
 create mode 100644 windows/runner/win32_window.cpp
 create mode 100644 windows/runner/win32_window.h

D:\training\myfirstapp>git remote add origin https://github.com/sagarjainreal/app1.git
error: remote origin already exists.

D:\training\myfirstapp>git branch develop

D:\training\myfirstapp>git checkout develop
Switched to branch 'develop'

D:\training\myfirstapp>git push origin develop
info: please complete authentication in your browser...
To https://github.com/sagarjainreal/app1.git
 ! [rejected]        develop -> develop (fetch first)
error: failed to push some refs to 'https://github.com/sagarjainreal/app1.git'
hint: Updates were rejected because the remote contains work that you do
hint: not have locally. This is usually caused by another repository pushing
hint: to the same ref. You may want to first integrate the remote changes
hint: (e.g., 'git pull ...') before pushing again.
hint: See the 'Note about fast-forwards' in 'git push --help' for details.

D:\training\myfirstapp>git push origin develop
To https://github.com/sagarjainreal/app1.git
 ! [rejected]        develop -> develop (fetch first)
error: failed to push some refs to 'https://github.com/sagarjainreal/app1.git'
hint: Updates were rejected because the remote contains work that you do
hint: not have locally. This is usually caused by another repository pushing
hint: to the same ref. You may want to first integrate the remote changes
hint: (e.g., 'git pull ...') before pushing again.
hint: See the 'Note about fast-forwards' in 'git push --help' for details.

D:\training\myfirstapp>git branch
* develop
  master

D:\training\myfirstapp>git push origin develop
To https://github.com/sagarjainreal/app1.git
 ! [rejected]        develop -> develop (fetch first)
error: failed to push some refs to 'https://github.com/sagarjainreal/app1.git'
hint: Updates were rejected because the remote contains work that you do
hint: not have locally. This is usually caused by another repository pushing
hint: to the same ref. You may want to first integrate the remote changes
hint: (e.g., 'git pull ...') before pushing again.
hint: See the 'Note about fast-forwards' in 'git push --help' for details.

D:\training\myfirstapp>git push origin --delete develop
To https://github.com/sagarjainreal/app1.git
 - [deleted]         develop

D:\training\myfirstapp>git push origin develop
Enumerating objects: 174, done.
Counting objects: 100% (174/174), done.
Delta compression using up to 8 threads
Compressing objects: 100% (145/145), done.
Writing objects: 100% (174/174), 198.01 KiB | 3.67 MiB/s, done.
Total 174 (delta 19), reused 0 (delta 0), pack-reused 0
remote: Resolving deltas: 100% (19/19), done.
remote:
remote: Create a pull request for 'develop' on GitHub by visiting:
remote:      https://github.com/sagarjainreal/app1/pull/new/develop
remote:
To https://github.com/sagarjainreal/app1.git
 * [new branch]      develop -> develop

D:\training\myfirstapp>git log --oneline
219d308 (HEAD -> develop, origin/develop, master) first commit

D:\training\myfirstapp>
































































































































































































































